{
  "scope": "one extended native SQLite application diagnostic; not healthy acceptance",
  "source_revision": "1786551cee45c34c0f1d571720e99c0e150fd4c4",
  "phase_timeout_seconds": 90,
  "default_acceptance_seconds": 20,
  "whole_run_watchdog_seconds": 600,
  "whole_run_watchdog_triggered": false,
  "command": [
    "/data/diagnostic/debug/nac-server-test",
    "tests::managed_load::managed_load_scenario",
    "--ignored",
    "--exact",
    "--nocapture",
    "--test-threads=1"
  ],
  "fixture_pid": 27,
  "exit": 0,
  "elapsed_ms": 124083,
  "cpu_user_us": 131250000,
  "cpu_system_us": 14630000,
  "peak_rss_bytes": 203694080,
  "resource_samples": 62,
  "accounting_limit": "gVisor wait4/proc accounting is virtualized; includes whole fixture, not per-operation CPU",
  "test_binary_sha256": "2277809ce9af0b6f9f729da0648c53e02d790b3fefbe5fa3d83ff53b75dc034f",
  "worker_binary_sha256": "2da528bbdd4300aa18466fa6ddee8076cfd485fdcf96605cf4c576a42b131f30"
}
ALL-112 artifact: /home/runner/work/nac/nac/crates/nac-server/../../target/managed-load/all-112-seed-168886546-orchestrators-4.json
ALL-112 artifact: /home/runner/work/nac/nac/crates/nac-server/../../target/managed-load/all-112-seed-168887298-fault-slow-io.json
ALL-112 artifact: /home/runner/work/nac/nac/crates/nac-server/../../target/managed-load/all-112-seed-168935683-concurrent-settlement-probe.json
nac: run failed: injected ALL-112 append failure
nac: failed to stage typed run failure: run 'c71aede7-1000-4947-ba11-0c0f961377d5' is no longer the active durable run for session 'all112-1-0a110b8b-0'
nac: managed orchestrator monitor failed for all112-1-0a110a65-0: injected deterministic managed orchestrator monitor failure
nac: evicted idle session all112-1-0a110c21-0
ALL-112 artifact: /home/runner/work/nac/nac/crates/nac-server/../../target/managed-load/all-112-seed-168886546-faults.json
ok

test result: ok. 1 passed; 0 failed; 0 ignored; 0 measured; 213 filtered out; finished in 124.07s

  PID  PPID STAT COMMAND
    1     0 Ss   sleep
  519     0 Ss   sh
  522   519 R    ps
